#### Creating GROUPS ####

We can add group entry manuually in '/etc/group' file OR use 'groupadd' command

[sushantsc2014@unix-box ~]$ sudo groupadd -g 777 group_1
[sushantsc2014@unix-box ~]$ grep group_1 /etc/group
group_1:x:777:

-- Option 'g' is not mandatory. If not specified, group ID will automatically created. If explicitaly specified, will create with mentioned group ID.

#### Modifying GROUPS ####

1. To change group name

[sushantsc2014@unix-box ~]$ sudo groupmod -n group1 group_1
[sushantsc2014@unix-box ~]$ grep group1 /etc/group
group1:x:777:

groupmod -n <new_name> <old_name>

	Changing group name won't have any effect. As everything is owned by GROUP ID and USER ID, not by GROUP NAME and USER NAME.

2. To chnage group ID

I have one file, and it it group owned by GROUP1 (777)

[sushantsc2014@unix-box ~]$ ls -lrt /tmp/jackpot/imp.txt 
-rw-rw-r--. 1 sushantsc2014 group1 0 Nov  5 10:46 /tmp/jackpot/imp.txt

Now I'll change GROUP ID for group GROUP1

[sushantsc2014@unix-box ~]$ sudo groupmod -g 888 group1
[sushantsc2014@unix-box ~]$ grep group1 /etc/group
group1:x:888:


[sushantsc2014@unix-box ~]$ ls -lrt /tmp/jackpot/imp.txt
-rw-rw-r--. 1 sushantsc2014 777 0 Nov  5 10:46 /tmp/jackpot/imp.txt

Now, when we changed GROUP ID, file imp.txt which was OWNED by 777 (GROUP1) , but we changed groupid of GROUP1 to 888. So file imp.txt is now owned by 777 group ID.

3. To delete group

[sushantsc2014@unix-box ~]$ groupdel group1
-bash: /usr/sbin/groupdel: Permission denied
[sushantsc2014@unix-box ~]$ sudo groupdel group1

[sushantsc2014@unix-box ~]$ grep group1 /etc/group
[sushantsc2014@unix-box ~]$ 


#### Creating USERS ####

User infirmation stored in 
 1. /etc/passwd : user account info
 2./etc/shadow : user password info, encrypted form
 
 Default values while creating new user
 
[sushantsc2014@unix-box ~]$ sudo useradd -D
GROUP=100      --> values of primary group ID, if not mentioned explicitaly (User provate group is generally created, that is PRIMARY GROUP with same name as USER created)
HOME=/home     --> User home directory created under /home. -b option for different home direcotry path
INACTIVE=-1    --> Number of days after the password expires that the account is disabled.
EXPIRE=        --> expiration date
SHELL=/bin/bash  --> default shell when they login
SKEL=/etc/skel
CREATE_MAIL_SPOOL=yes  --> Mail facility enabled



[sushantsc2014@unix-box ~]$ sudo cat /etc/default/useradd 
#useradd defaults file
GROUP=100
HOME=/home
INACTIVE=-1
EXPIRE=
SHELL=/bin/bash
SKEL=/etc/skel
CREATE_MAIL_SPOOL=yes

[sushantsc2014@unix-box ~]$ sudo useradd -u 1009 -g users -G sales,research -c 'Jane Doe' jane

-u --> USER ID defines
-g --> Primary group for user
-G --> User will be part of these groups
-c --> comments


[sushantsc2014@unix-box ~]$ sudo useradd -u 1009 -g users -G sales,research -c 'Jane Doe' jane 
useradd: group 'sales' does not exist
useradd: group 'research' does not exist
  ### I had not created these groups hence error
  
  
[sushantsc2014@unix-box ~]$ sudo useradd -u 1009 -g users -G sushantsc2014 -c 'Jacky Dones account' Jacky
[sushantsc2014@unix-box ~]$ sudo grep Jacky /etc/passwd
Jacky:x:1009:100:Jacky Dones account:/home/Jacky:/bin/bash

<User name> : x : <UID> : <GID> : comments : <HOME DIRECTORY> : <DEFAULT SHELL>